// Jest Snapshot v1, https://goo.gl/fbAQLP

exports[`Component Common <Title /> It should renders properly 1`] = `
Object {
  "asFragment": [Function],
  "baseElement": .c0.c0 {
  margin: 1.875rem 0;
  position: relative;
}

.c1 {
  font-family: welcome-font,sans-serif;
  font-weight: 600;
  font-size: 2.25rem;
  line-height: 1.2;
  display: block;
}

.c2 {
  display: -webkit-box;
  display: -webkit-flex;
  display: -ms-flexbox;
  display: flex;
  -webkit-align-items: center;
  -webkit-box-align: center;
  -ms-flex-align: center;
  align-items: center;
  padding-left: 35px;
  padding-bottom: 0.625rem;
  border-bottom: 1px solid rgb(229,229,229);
}

.c2::before {
  content: '';
  position: absolute;
  left: 0px;
  height: 4px;
  width: 20px;
  background-color: rgb(255,205,0);
  top: 0.875rem;
}

<body>
    <div>
      <div
        class="c0"
      >
        <h2
          class="c1 c2 wui-text"
        >
          Media
        </h2>
      </div>
    </div>
  </body>,
  "container": <div>
    <div
      class="sc-AykKC sc-LzLsE wenIp"
    >
      <h2
        class="sc-LzLsF fRbamu sc-LzLte bklnsS wui-text"
      >
        Media
      </h2>
    </div>
  </div>,
  "debug": [Function],
  "findAllByAltText": [Function],
  "findAllByDisplayValue": [Function],
  "findAllByLabelText": [Function],
  "findAllByPlaceholderText": [Function],
  "findAllByRole": [Function],
  "findAllByTestId": [Function],
  "findAllByText": [Function],
  "findAllByTitle": [Function],
  "findByAltText": [Function],
  "findByDisplayValue": [Function],
  "findByLabelText": [Function],
  "findByPlaceholderText": [Function],
  "findByRole": [Function],
  "findByTestId": [Function],
  "findByText": [Function],
  "findByTitle": [Function],
  "getAllByAltText": [Function],
  "getAllByDisplayValue": [Function],
  "getAllByLabelText": [Function],
  "getAllByPlaceholderText": [Function],
  "getAllByRole": [Function],
  "getAllByTestId": [Function],
  "getAllByText": [Function],
  "getAllByTitle": [Function],
  "getByAltText": [Function],
  "getByDisplayValue": [Function],
  "getByLabelText": [Function],
  "getByPlaceholderText": [Function],
  "getByRole": [Function],
  "getByTestId": [Function],
  "getByText": [Function],
  "getByTitle": [Function],
  "queryAllByAltText": [Function],
  "queryAllByDisplayValue": [Function],
  "queryAllByLabelText": [Function],
  "queryAllByPlaceholderText": [Function],
  "queryAllByRole": [Function],
  "queryAllByTestId": [Function],
  "queryAllByText": [Function],
  "queryAllByTitle": [Function],
  "queryByAltText": [Function],
  "queryByDisplayValue": [Function],
  "queryByLabelText": [Function],
  "queryByPlaceholderText": [Function],
  "queryByRole": [Function],
  "queryByTestId": [Function],
  "queryByText": [Function],
  "queryByTitle": [Function],
  "rerender": [Function],
  "unmount": [Function],
}
`;
